// Jest Snapshot v1, https://goo.gl/fbAQLP

exports[`Button Atom Component matches snapshot 1`] = `ShallowWrapper {}`;
